// Jest Snapshot v1, https://goo.gl/fbAQLP

exports[`Car detail tests renders correctly 1`] = `
Object {
  "asFragment": [Function],
  "baseElement": <body>
    <div>
      <h2
        class="title"
      >
        CAR DETAILS
      </h2>
      <div
        class="detailContainer"
      >
        <div
          class="car"
        >
          <img />
        </div>
        <div
          class="detail"
        >
          <div
            class="carModel"
          >
            <h2 />
          </div>
          <div
            class="carYear"
          >
            <p />
          </div>
          <div
            class="price"
          >
            <p
              class="priceColor"
            >
              $
            </p>
            <p>
              pd 
            </p>
          </div>
          <a
            class="btncontainer"
            href="/reserve/undefined"
          >
            <button
              class="reservebtn"
              type="button"
            >
              <i
                class="fa-solid fa-car-side me-4"
              />
              Reserve
            </button>
          </a>
        </div>
      </div>
    </div>
  </body>,
  "container": <div>
    <h2
      class="title"
    >
      CAR DETAILS
    </h2>
    <div
      class="detailContainer"
    >
      <div
        class="car"
      >
        <img />
      </div>
      <div
        class="detail"
      >
        <div
          class="carModel"
        >
          <h2 />
        </div>
        <div
          class="carYear"
        >
          <p />
        </div>
        <div
          class="price"
        >
          <p
            class="priceColor"
          >
            $
          </p>
          <p>
            pd 
          </p>
        </div>
        <a
          class="btncontainer"
          href="/reserve/undefined"
        >
          <button
            class="reservebtn"
            type="button"
          >
            <i
              class="fa-solid fa-car-side me-4"
            />
            Reserve
          </button>
        </a>
      </div>
    </div>
  </div>,
  "debug": [Function],
  "findAllByAltText": [Function],
  "findAllByDisplayValue": [Function],
  "findAllByLabelText": [Function],
  "findAllByPlaceholderText": [Function],
  "findAllByRole": [Function],
  "findAllByTestId": [Function],
  "findAllByText": [Function],
  "findAllByTitle": [Function],
  "findByAltText": [Function],
  "findByDisplayValue": [Function],
  "findByLabelText": [Function],
  "findByPlaceholderText": [Function],
  "findByRole": [Function],
  "findByTestId": [Function],
  "findByText": [Function],
  "findByTitle": [Function],
  "getAllByAltText": [Function],
  "getAllByDisplayValue": [Function],
  "getAllByLabelText": [Function],
  "getAllByPlaceholderText": [Function],
  "getAllByRole": [Function],
  "getAllByTestId": [Function],
  "getAllByText": [Function],
  "getAllByTitle": [Function],
  "getByAltText": [Function],
  "getByDisplayValue": [Function],
  "getByLabelText": [Function],
  "getByPlaceholderText": [Function],
  "getByRole": [Function],
  "getByTestId": [Function],
  "getByText": [Function],
  "getByTitle": [Function],
  "queryAllByAltText": [Function],
  "queryAllByDisplayValue": [Function],
  "queryAllByLabelText": [Function],
  "queryAllByPlaceholderText": [Function],
  "queryAllByRole": [Function],
  "queryAllByTestId": [Function],
  "queryAllByText": [Function],
  "queryAllByTitle": [Function],
  "queryByAltText": [Function],
  "queryByDisplayValue": [Function],
  "queryByLabelText": [Function],
  "queryByPlaceholderText": [Function],
  "queryByRole": [Function],
  "queryByTestId": [Function],
  "queryByText": [Function],
  "queryByTitle": [Function],
  "rerender": [Function],
  "unmount": [Function],
}
`;
