// Jest Snapshot v1, https://goo.gl/fbAQLP

exports[`Log in tests renders correctly 1`] = `
Object {
  "asFragment": [Function],
  "baseElement": <body>
    <div>
      <div
        class="container container-fluid vw-100 d-flex flex-column align-items-center justify-content-center"
      >
        <h2
          class="header fs-2 mb-5"
        >
          Log in
        </h2>
        <form
          class="form"
        >
          <div
            class="form-floating mb-3"
          >
            <input
              class="form-control"
              id="floatingUsername"
              placeholder="Email"
              required=""
              type="text"
              value=""
            />
            <label
              for="floatingUsername"
            >
              email address
            </label>
          </div>
          <button
            class="btn btn-primary mb-3"
            type="submit"
          >
            Log in
          </button>
        </form>
        <p
          class="errorMsg fs-5"
        />
        <a
          class="button"
          href="/register"
        >
          <span
            class="btn btn-info mb-0"
          >
            Sign up
          </span>
        </a>
      </div>
    </div>
  </body>,
  "container": <div>
    <div
      class="container container-fluid vw-100 d-flex flex-column align-items-center justify-content-center"
    >
      <h2
        class="header fs-2 mb-5"
      >
        Log in
      </h2>
      <form
        class="form"
      >
        <div
          class="form-floating mb-3"
        >
          <input
            class="form-control"
            id="floatingUsername"
            placeholder="Email"
            required=""
            type="text"
            value=""
          />
          <label
            for="floatingUsername"
          >
            email address
          </label>
        </div>
        <button
          class="btn btn-primary mb-3"
          type="submit"
        >
          Log in
        </button>
      </form>
      <p
        class="errorMsg fs-5"
      />
      <a
        class="button"
        href="/register"
      >
        <span
          class="btn btn-info mb-0"
        >
          Sign up
        </span>
      </a>
    </div>
  </div>,
  "debug": [Function],
  "findAllByAltText": [Function],
  "findAllByDisplayValue": [Function],
  "findAllByLabelText": [Function],
  "findAllByPlaceholderText": [Function],
  "findAllByRole": [Function],
  "findAllByTestId": [Function],
  "findAllByText": [Function],
  "findAllByTitle": [Function],
  "findByAltText": [Function],
  "findByDisplayValue": [Function],
  "findByLabelText": [Function],
  "findByPlaceholderText": [Function],
  "findByRole": [Function],
  "findByTestId": [Function],
  "findByText": [Function],
  "findByTitle": [Function],
  "getAllByAltText": [Function],
  "getAllByDisplayValue": [Function],
  "getAllByLabelText": [Function],
  "getAllByPlaceholderText": [Function],
  "getAllByRole": [Function],
  "getAllByTestId": [Function],
  "getAllByText": [Function],
  "getAllByTitle": [Function],
  "getByAltText": [Function],
  "getByDisplayValue": [Function],
  "getByLabelText": [Function],
  "getByPlaceholderText": [Function],
  "getByRole": [Function],
  "getByTestId": [Function],
  "getByText": [Function],
  "getByTitle": [Function],
  "queryAllByAltText": [Function],
  "queryAllByDisplayValue": [Function],
  "queryAllByLabelText": [Function],
  "queryAllByPlaceholderText": [Function],
  "queryAllByRole": [Function],
  "queryAllByTestId": [Function],
  "queryAllByText": [Function],
  "queryAllByTitle": [Function],
  "queryByAltText": [Function],
  "queryByDisplayValue": [Function],
  "queryByLabelText": [Function],
  "queryByPlaceholderText": [Function],
  "queryByRole": [Function],
  "queryByTestId": [Function],
  "queryByText": [Function],
  "queryByTitle": [Function],
  "rerender": [Function],
  "unmount": [Function],
}
`;
