// Jest Snapshot v1, https://goo.gl/fbAQLP

exports[`New car form tests renders correctly 1`] = `
Object {
  "asFragment": [Function],
  "baseElement": <body>
    <div>
      <div
        class="cnt container-fluid vh-100 d-flex flex-column align-items-center"
      >
        <div
          class="textctn"
        >
          <div
            class="txtHeader"
          >
            <h2
              class="zindex fs-1 d-flex text-white align-items-center justify-content-center"
            >
              Add Car
            </h2>
            <p
              class="zindex fs-5 d-flex text-white text-center align-items-center"
            >
              You've got a fancy car from which you want to make some extra bucks? Add it on our website!
            </p>
            <hr
              class="hr"
            />
            <p
              class="zindex mb-5 fs-5 text-white"
            >
              Fill the details of your car.
            </p>
          </div>
          <form
            class="zindex form d-flex justify-content-center mb-0 align-items-end"
          >
            <div
              class="d-flex mb-3"
            >
              <div>
                <label
                  class="form-label text-white ms-3"
                  for="model"
                >
                  Model:
                </label>
                <input
                  aria-label=".form-control-lg example"
                  class="input form-control form-control-lg px-4 mx-2"
                  id="model"
                  placeholder="Model"
                  required=""
                  type="text"
                  value=""
                />
              </div>
              <div>
                <label
                  class="form-label text-white ms-3"
                  for="driverName"
                >
                  year:
                </label>
                <input
                  aria-label=".form-control-lg example"
                  class="input form-control form-control-lg px-4 mx-2"
                  id="year"
                  placeholder="Year"
                  required=""
                  type="text"
                  value=""
                />
              </div>
            </div>
            <div
              class="d-flex mb-3"
            >
              <div>
                <label
                  class="form-label text-white ms-3"
                  for="price"
                >
                  Price per day:
                </label>
                <input
                  aria-label=".form-control-lg example"
                  class="input form-control form-control-lg px-4 mx-2"
                  id="price"
                  min="0"
                  placeholder="Price"
                  required=""
                  type="number"
                  value=""
                />
              </div>
              <div>
                <label
                  class="form-label text-white ms-3"
                  for="picture"
                >
                  Picture:
                </label>
                <input
                  aria-label=".form-control-lg example"
                  class="input form-control form-control-lg px-4 mx-2"
                  id="picture"
                  placeholder="Image Link"
                  required=""
                  type="text"
                  value=""
                />
              </div>
            </div>
            <button
              class="btn btn px-4 ms-4"
              type="submit"
            >
              Add
            </button>
          </form>
          <p
            class="zindex fs-5 fw-semibold"
          />
        </div>
      </div>
    </div>
  </body>,
  "container": <div>
    <div
      class="cnt container-fluid vh-100 d-flex flex-column align-items-center"
    >
      <div
        class="textctn"
      >
        <div
          class="txtHeader"
        >
          <h2
            class="zindex fs-1 d-flex text-white align-items-center justify-content-center"
          >
            Add Car
          </h2>
          <p
            class="zindex fs-5 d-flex text-white text-center align-items-center"
          >
            You've got a fancy car from which you want to make some extra bucks? Add it on our website!
          </p>
          <hr
            class="hr"
          />
          <p
            class="zindex mb-5 fs-5 text-white"
          >
            Fill the details of your car.
          </p>
        </div>
        <form
          class="zindex form d-flex justify-content-center mb-0 align-items-end"
        >
          <div
            class="d-flex mb-3"
          >
            <div>
              <label
                class="form-label text-white ms-3"
                for="model"
              >
                Model:
              </label>
              <input
                aria-label=".form-control-lg example"
                class="input form-control form-control-lg px-4 mx-2"
                id="model"
                placeholder="Model"
                required=""
                type="text"
                value=""
              />
            </div>
            <div>
              <label
                class="form-label text-white ms-3"
                for="driverName"
              >
                year:
              </label>
              <input
                aria-label=".form-control-lg example"
                class="input form-control form-control-lg px-4 mx-2"
                id="year"
                placeholder="Year"
                required=""
                type="text"
                value=""
              />
            </div>
          </div>
          <div
            class="d-flex mb-3"
          >
            <div>
              <label
                class="form-label text-white ms-3"
                for="price"
              >
                Price per day:
              </label>
              <input
                aria-label=".form-control-lg example"
                class="input form-control form-control-lg px-4 mx-2"
                id="price"
                min="0"
                placeholder="Price"
                required=""
                type="number"
                value=""
              />
            </div>
            <div>
              <label
                class="form-label text-white ms-3"
                for="picture"
              >
                Picture:
              </label>
              <input
                aria-label=".form-control-lg example"
                class="input form-control form-control-lg px-4 mx-2"
                id="picture"
                placeholder="Image Link"
                required=""
                type="text"
                value=""
              />
            </div>
          </div>
          <button
            class="btn btn px-4 ms-4"
            type="submit"
          >
            Add
          </button>
        </form>
        <p
          class="zindex fs-5 fw-semibold"
        />
      </div>
    </div>
  </div>,
  "debug": [Function],
  "findAllByAltText": [Function],
  "findAllByDisplayValue": [Function],
  "findAllByLabelText": [Function],
  "findAllByPlaceholderText": [Function],
  "findAllByRole": [Function],
  "findAllByTestId": [Function],
  "findAllByText": [Function],
  "findAllByTitle": [Function],
  "findByAltText": [Function],
  "findByDisplayValue": [Function],
  "findByLabelText": [Function],
  "findByPlaceholderText": [Function],
  "findByRole": [Function],
  "findByTestId": [Function],
  "findByText": [Function],
  "findByTitle": [Function],
  "getAllByAltText": [Function],
  "getAllByDisplayValue": [Function],
  "getAllByLabelText": [Function],
  "getAllByPlaceholderText": [Function],
  "getAllByRole": [Function],
  "getAllByTestId": [Function],
  "getAllByText": [Function],
  "getAllByTitle": [Function],
  "getByAltText": [Function],
  "getByDisplayValue": [Function],
  "getByLabelText": [Function],
  "getByPlaceholderText": [Function],
  "getByRole": [Function],
  "getByTestId": [Function],
  "getByText": [Function],
  "getByTitle": [Function],
  "queryAllByAltText": [Function],
  "queryAllByDisplayValue": [Function],
  "queryAllByLabelText": [Function],
  "queryAllByPlaceholderText": [Function],
  "queryAllByRole": [Function],
  "queryAllByTestId": [Function],
  "queryAllByText": [Function],
  "queryAllByTitle": [Function],
  "queryByAltText": [Function],
  "queryByDisplayValue": [Function],
  "queryByLabelText": [Function],
  "queryByPlaceholderText": [Function],
  "queryByRole": [Function],
  "queryByTestId": [Function],
  "queryByText": [Function],
  "queryByTitle": [Function],
  "rerender": [Function],
  "unmount": [Function],
}
`;
