// Jest Snapshot v1, https://goo.gl/fbAQLP

exports[`Reserve page tests renders correctly 1`] = `
Object {
  "asFragment": [Function],
  "baseElement": <body>
    <div>
      <div
        class="cnt container-fluid vh-100 d-flex flex-column align-items-center pt-5"
      >
        <h2
          class="zindex fs-1 text-white"
        >
          Reserve a car
        </h2>
        <p
          class="zindex fs-5 text-white"
        >
          take the car of your dreams for a ride!!
        </p>
        <hr
          class="hr"
        />
        <p
          class="zindex mb-5 fs-5 text-white"
        >
          Choose a city and the reservation dates!
        </p>
        <form
          class="zindex form d-flex justify-content-around mb-5 align-items-end"
        >
          <div>
            <label
              class="form-label text-white ms-3"
              for="city"
            >
              Your city:
            </label>
            <input
              aria-label=".form-control-lg example"
              class="input form-control form-control-lg px-4 mx-2"
              id="city"
              placeholder="City"
              required=""
              type="text"
            />
          </div>
          <div>
            <label
              class="form-label text-white ms-3"
              for="date"
            >
              Starting date:
            </label>
            <input
              aria-label=".form-control-lg example"
              class="input form-control form-control-lg px-4 mx-2"
              id="date"
              min="2023-08-31"
              placeholder="Date"
              required=""
              type="date"
              value=""
            />
          </div>
          <div>
            <label
              class="form-label text-white ms-3"
              for="date"
            >
              Ending date:
            </label>
            <input
              aria-label=".form-control-lg example"
              class="input form-control form-control-lg px-4 mx-2"
              id="date"
              min="2023-08-31"
              placeholder="Date"
              required=""
              type="date"
              value=""
            />
          </div>
          <button
            class="btn btn px-4 ms-4"
            type="submit"
          >
            Next
          </button>
        </form>
        <p
          class="zindex errorMsg"
        />
      </div>
    </div>
  </body>,
  "container": <div>
    <div
      class="cnt container-fluid vh-100 d-flex flex-column align-items-center pt-5"
    >
      <h2
        class="zindex fs-1 text-white"
      >
        Reserve a car
      </h2>
      <p
        class="zindex fs-5 text-white"
      >
        take the car of your dreams for a ride!!
      </p>
      <hr
        class="hr"
      />
      <p
        class="zindex mb-5 fs-5 text-white"
      >
        Choose a city and the reservation dates!
      </p>
      <form
        class="zindex form d-flex justify-content-around mb-5 align-items-end"
      >
        <div>
          <label
            class="form-label text-white ms-3"
            for="city"
          >
            Your city:
          </label>
          <input
            aria-label=".form-control-lg example"
            class="input form-control form-control-lg px-4 mx-2"
            id="city"
            placeholder="City"
            required=""
            type="text"
          />
        </div>
        <div>
          <label
            class="form-label text-white ms-3"
            for="date"
          >
            Starting date:
          </label>
          <input
            aria-label=".form-control-lg example"
            class="input form-control form-control-lg px-4 mx-2"
            id="date"
            min="2023-08-31"
            placeholder="Date"
            required=""
            type="date"
            value=""
          />
        </div>
        <div>
          <label
            class="form-label text-white ms-3"
            for="date"
          >
            Ending date:
          </label>
          <input
            aria-label=".form-control-lg example"
            class="input form-control form-control-lg px-4 mx-2"
            id="date"
            min="2023-08-31"
            placeholder="Date"
            required=""
            type="date"
            value=""
          />
        </div>
        <button
          class="btn btn px-4 ms-4"
          type="submit"
        >
          Next
        </button>
      </form>
      <p
        class="zindex errorMsg"
      />
    </div>
  </div>,
  "debug": [Function],
  "findAllByAltText": [Function],
  "findAllByDisplayValue": [Function],
  "findAllByLabelText": [Function],
  "findAllByPlaceholderText": [Function],
  "findAllByRole": [Function],
  "findAllByTestId": [Function],
  "findAllByText": [Function],
  "findAllByTitle": [Function],
  "findByAltText": [Function],
  "findByDisplayValue": [Function],
  "findByLabelText": [Function],
  "findByPlaceholderText": [Function],
  "findByRole": [Function],
  "findByTestId": [Function],
  "findByText": [Function],
  "findByTitle": [Function],
  "getAllByAltText": [Function],
  "getAllByDisplayValue": [Function],
  "getAllByLabelText": [Function],
  "getAllByPlaceholderText": [Function],
  "getAllByRole": [Function],
  "getAllByTestId": [Function],
  "getAllByText": [Function],
  "getAllByTitle": [Function],
  "getByAltText": [Function],
  "getByDisplayValue": [Function],
  "getByLabelText": [Function],
  "getByPlaceholderText": [Function],
  "getByRole": [Function],
  "getByTestId": [Function],
  "getByText": [Function],
  "getByTitle": [Function],
  "queryAllByAltText": [Function],
  "queryAllByDisplayValue": [Function],
  "queryAllByLabelText": [Function],
  "queryAllByPlaceholderText": [Function],
  "queryAllByRole": [Function],
  "queryAllByTestId": [Function],
  "queryAllByText": [Function],
  "queryAllByTitle": [Function],
  "queryByAltText": [Function],
  "queryByDisplayValue": [Function],
  "queryByLabelText": [Function],
  "queryByPlaceholderText": [Function],
  "queryByRole": [Function],
  "queryByTestId": [Function],
  "queryByText": [Function],
  "queryByTitle": [Function],
  "rerender": [Function],
  "unmount": [Function],
}
`;
